<html>
<body>
<pre>
<h1>µVision Build Log</h1>
<h2>Project:</h2>
C:\Users\Alex\Desktop\SCIENCE\ARM\ArchEVM_For_Labs\NewLabs\Labs\Example1\example1.uvproj
Project File Date:  07/18/2014

<h2>Output:</h2>
Build target 'Target 1'
assembling LPC2300.s...
linking...
.\example1.axf: Warning: L6665W: Neither Lib$$Request$$armlib Lib$$Request$$cpplib defined, not searching ARM libraries.
.\example1.axf: Error: L6411E: No compatible library exists with a definition of startup symbol __main.
".\example1.axf" - 1 Errors, 1 Warning(s).
Target not created
Rebuild target 'Target 1'
assembling LPC2300.s...
linking...
.\example1.axf: Warning: L6665W: Neither Lib$$Request$$armlib Lib$$Request$$cpplib defined, not searching ARM libraries.
.\example1.axf: Error: L6411E: No compatible library exists with a definition of startup symbol __main.
".\example1.axf" - 1 Errors, 1 Warning(s).
Target not created
Build target 'Target 1'
linking...
.\example1.axf: Warning: L6665W: Neither Lib$$Request$$armlib Lib$$Request$$cpplib defined, not searching ARM libraries.
.\example1.axf: Error: L6411E: No compatible library exists with a definition of startup symbol __main.
".\example1.axf" - 1 Errors, 1 Warning(s).
Target not created
Build target 'Target 1'
compiling main.c...
linking...
Program Size: Code=596 RO-data=16 RW-data=0 ZI-data=1384  
".\example1.axf" - 0 Errors, 0 Warning(s).
Rebuild target 'Target 1'
assembling LPC2300.s...
compiling main.c...
linking...
Program Size: Code=596 RO-data=16 RW-data=0 ZI-data=1384  
".\example1.axf" - 0 Errors, 0 Warning(s).
Rebuild target 'Target 1'
assembling LPC2300.s...
compiling main.c...
linking...
Program Size: Code=596 RO-data=16 RW-data=0 ZI-data=1384  
".\example1.axf" - 0 Errors, 0 Warning(s).
Build target 'Target 1'
linking...
Program Size: Code=596 RO-data=16 RW-data=0 ZI-data=1384  
".\example1.axf" - 0 Errors, 0 Warning(s).
Rebuild target 'Target 1'
assembling LPC2300.s...
compiling main.c...
linking...
Program Size: Code=596 RO-data=16 RW-data=0 ZI-data=1384  
".\example1.axf" - 0 Errors, 0 Warning(s).
Rebuild target 'Target 1'
assembling LPC2300.s...
compiling main.c...
linking...
Program Size: Code=596 RO-data=16 RW-data=0 ZI-data=1384  
".\example1.axf" - 0 Errors, 0 Warning(s).
Build target 'Target 1'
linking...
Program Size: Code=596 RO-data=16 RW-data=0 ZI-data=1384  
".\example1.axf" - 0 Errors, 0 Warning(s).
Rebuild target 'Target 1'
assembling LPC2300.s...
compiling main.c...
linking...
Program Size: Code=596 RO-data=16 RW-data=0 ZI-data=1384  
".\example1.axf" - 0 Errors, 0 Warning(s).
Load "C:\\Users\\Alex\\Desktop\\SCIENCE\\ARM\\ArchEVM_For_Labs\\NewLabs\\Labs\\Example1\\example1.axf" 
Erase Failed!
Cannot enter Debug Mode
Load "C:\\Users\\Alex\\Desktop\\SCIENCE\\ARM\\ArchEVM_For_Labs\\NewLabs\\Labs\\Example1\\example1.axf" 
Erase Failed!
Load "C:\\Users\\Alex\\Desktop\\SCIENCE\\ARM\\ArchEVM_For_Labs\\NewLabs\\Labs\\Example1\\example1.axf" 
Load "C:\\Users\\Alex\\Desktop\\SCIENCE\\ARM\\ArchEVM_For_Labs\\NewLabs\\Labs\\Example1\\example1.axf" 
Erase Done.
Programming Done.
Verify OK.
Application running ...
Build target 'Target 1'
compiling main.c...
main.c(17): warning:  #951-D: return type of function "main" must be "int"
linking...
Program Size: Code=1056 RO-data=0 RW-data=0 ZI-data=1384  
".\example1.axf" - 0 Errors, 1 Warning(s).
Build target 'Target 1'
compiling main.c...
linking...
Program Size: Code=1056 RO-data=0 RW-data=0 ZI-data=1384  
".\example1.axf" - 0 Errors, 0 Warning(s).
Rebuild target 'Target 1'
assembling LPC2300.s...
compiling main.c...
linking...
Program Size: Code=1056 RO-data=0 RW-data=0 ZI-data=1384  
".\example1.axf" - 0 Errors, 0 Warning(s).
Rebuild target 'Target 1'
assembling LPC2300.s...
compiling main.c...
linking...
Program Size: Code=1056 RO-data=0 RW-data=0 ZI-data=1384  
".\example1.axf" - 0 Errors, 0 Warning(s).
Build target 'Target 1'
linking...
Program Size: Code=1056 RO-data=0 RW-data=0 ZI-data=1384  
".\example1.axf" - 0 Errors, 0 Warning(s).
Rebuild target 'Target 1'
assembling LPC2300.s...
compiling main.c...
linking...
Program Size: Code=1056 RO-data=0 RW-data=0 ZI-data=1384  
".\example1.axf" - 0 Errors, 0 Warning(s).
Load "C:\\Users\\Alex\\Desktop\\SCIENCE\\ARM\\ArchEVM_For_Labs\\NewLabs\\Labs\\Example1\\example1.axf" 
Full Chip Erase Done.
Programming Done.
Verify OK.
Application running ...
