<html>
<body>
<pre>
<h1>µVision Build Log</h1>
<h2>Project:</h2>
C:\Users\Alex\Desktop\SCIENCE\ARM\ArchEVM_For_Labs\NewLabs\Labs\Example2\example2.uvproj
Project File Date:  07/27/2014

<h2>Output:</h2>
Build target 'Target 1'
linking...
Program Size: Code=1220 RO-data=0 RW-data=0 ZI-data=1384  
".\example2.axf" - 0 Errors, 0 Warning(s).
Rebuild target 'Target 1'
assembling LPC2300.s...
compiling main.c...
linking...
Program Size: Code=1220 RO-data=0 RW-data=0 ZI-data=1384  
".\example2.axf" - 0 Errors, 0 Warning(s).
Load "C:\\Users\\Alex\\Desktop\\SCIENCE\\ARM\\ArchEVM_For_Labs\\NewLabs\\Labs\\Example2\\example2.axf" 
Erase Done.
Programming Done.
Verify OK.
Application running ...
Build target 'Target 1'
assembling LPC2300.s...
linking...
Program Size: Code=1220 RO-data=0 RW-data=0 ZI-data=1384  
".\example2.axf" - 0 Errors, 0 Warning(s).
Rebuild target 'Target 1'
assembling LPC2300.s...
compiling main.c...
linking...
Program Size: Code=1220 RO-data=0 RW-data=0 ZI-data=1384  
".\example2.axf" - 0 Errors, 0 Warning(s).
Load "C:\\Users\\Alex\\Desktop\\SCIENCE\\ARM\\ArchEVM_For_Labs\\NewLabs\\Labs\\Example2\\example2.axf" 
Erase Done.
Programming Done.
Verify OK.
Application running ...
